ok: connect to chopaat_auto27z@127.0.0.1
ok: menu shown
ok: AUTO game screen is up
ok: every seat is a bot (4)
ok: bot runner supervisor is live
/data/local/tmp/chopaat_auto.mp4: 1 file pulled, 0 skipped. 60.0 MB/s (4052335 bytes in 0.064s)
t+1m: phase=rolling turn=2 home_pawns=0 placements=[] settle=%{error: 0, ok: 13, mismatch: 0, skipped: 0}
t+2m: phase=rolling turn=3 home_pawns=0 placements=[] settle=%{error: 0, ok: 29, mismatch: 0, skipped: 0}
screenshot → evidence/auto_mode_midgame.png
t+3m: phase=rolling turn=2 home_pawns=0 placements=[] settle=%{error: 0, ok: 44, mismatch: 0, skipped: 0}
t+4m: phase=rolling turn=2 home_pawns=0 placements=[] settle=%{error: 0, ok: 59, mismatch: 0, skipped: 0}
t+5m: phase=assigning turn=2 home_pawns=0 placements=[] settle=%{error: 0, ok: 71, mismatch: 0, skipped: 0}
t+6m: phase=assigning turn=0 home_pawns=1 placements=[] settle=%{error: 0, ok: 80, mismatch: 0, skipped: 0}
t+7m: phase=rolling turn=1 home_pawns=2 placements=[] settle=%{error: 0, ok: 91, mismatch: 0, skipped: 0}
t+8m: phase=rolling turn=0 home_pawns=4 placements=[] settle=%{error: 0, ok: 104, mismatch: 0, skipped: 0}
t+9m: phase=rolling turn=1 home_pawns=7 placements=[] settle=%{error: 0, ok: 118, mismatch: 0, skipped: 0}
t+10m: phase=assigning turn=3 home_pawns=8 placements=[] settle=%{error: 0, ok: 135, mismatch: 0, skipped: 0}
t+11m: phase=rolling turn=3 home_pawns=9 placements=[] settle=%{error: 0, ok: 152, mismatch: 0, skipped: 0}
t+12m: phase=rolling turn=2 home_pawns=10 placements=[] settle=%{error: 0, ok: 164, mismatch: 0, skipped: 0}
t+13m: phase=rolling turn=3 home_pawns=11 placements=[] settle=%{error: 0, ok: 174, mismatch: 0, skipped: 0}
t+14m: phase=rolling turn=3 home_pawns=12 placements=[1] settle=%{error: 0, ok: 174, mismatch: 0, skipped: 0}
recording → evidence/auto_mode_play.mp4
ok: complete placements [1, 2, 0, 3]
ok: final settle within policy %{error: 0, ok: 174, mismatch: 0, skipped: 0}
ok: final move performance lands
screenshot → evidence/auto_mode_end.png
ok: rematch starts a fresh game
ok: rematch keeps the bot seats

AUTO SANITY PASS: unattended to placements, rematch verified

(end-screen capture retaken via a fast follow-up game after the first
capture shot another app holding the shared emulator foreground:
placements [0,1,3,2], settle ok:23 mismatch:0 error:0, rematch verified)
